../component/serial_manager/fsl_component_serial_manager.c:1278:25:SerialManager_Init	16	static
../component/serial_manager/fsl_component_serial_manager.c:1495:25:SerialManager_Deinit	8	static
../component/serial_manager/fsl_component_serial_manager.c:1574:25:SerialManager_OpenWriteHandle	16	static
../component/serial_manager/fsl_component_serial_manager.c:1611:25:SerialManager_CloseWriteHandle	8	static
../component/serial_manager/fsl_component_serial_manager.c:1645:25:SerialManager_OpenReadHandle	24	static
../component/serial_manager/fsl_component_serial_manager.c:1685:25:SerialManager_CloseReadHandle	8	static
../component/serial_manager/fsl_component_serial_manager.c:1717:25:SerialManager_WriteBlocking	8	static
../component/serial_manager/fsl_component_serial_manager.c:1726:25:SerialManager_ReadBlocking	8	static
../component/serial_manager/fsl_component_serial_manager.c:1973:25:SerialManager_EnterLowpower	8	static
../component/serial_manager/fsl_component_serial_manager.c:2029:25:SerialManager_ExitLowpower	8	static
../component/serial_manager/fsl_component_serial_manager.c:2093:6:SerialManager_SetLowpowerCriticalCb	0	static
